// Jest Snapshot v1, https://goo.gl/fbAQLP

exports[`matches snapshot 1`] = `
<DocumentFragment>
  <div>
    <div>
      <div
        class="EditableTodo"
        id="1"
      >
        <div
          class="mb-3"
        >
          <div
            class="float-right text-sm-right"
          >
            <div
              class="Todo"
            >
              <div>
                <b>
                  Code!
                </b>
                 
                <small>
                  (priority: 2)
                </small>
              </div>
              <div>
                <small>
                  Write some code
                </small>
              </div>
            </div>
            <button
              class="EditableTodo-toggle btn-link btn btn-sm"
            >
              Edit
            </button>
            <button
              class="EditableTodo-delBtn btn-link btn btn-sm text-danger"
            >
              Del
            </button>
          </div>
        </div>
      </div>
    </div>
    <div>
      <div
        class="EditableTodo"
        id="2"
      >
        <div
          class="mb-3"
        >
          <div
            class="float-right text-sm-right"
          >
            <div
              class="Todo"
            >
              <div>
                <b>
                  Make dinner
                </b>
                 
                <small>
                  (priority: 1)
                </small>
              </div>
              <div>
                <small>
                  Cook something healthy
                </small>
              </div>
            </div>
            <button
              class="EditableTodo-toggle btn-link btn btn-sm"
            >
              Edit
            </button>
            <button
              class="EditableTodo-delBtn btn-link btn btn-sm text-danger"
            >
              Del
            </button>
          </div>
        </div>
      </div>
    </div>
    <div>
      <div
        class="EditableTodo"
        id="3"
      >
        <div
          class="mb-3"
        >
          <div
            class="float-right text-sm-right"
          >
            <div
              class="Todo"
            >
              <div>
                <b>
                  Go to bed
                </b>
                 
                <small>
                  (priority: 3)
                </small>
              </div>
              <div>
                <small>
                  In bed by 11:15
                </small>
              </div>
            </div>
            <button
              class="EditableTodo-toggle btn-link btn btn-sm"
            >
              Edit
            </button>
            <button
              class="EditableTodo-delBtn btn-link btn btn-sm text-danger"
            >
              Del
            </button>
          </div>
        </div>
      </div>
    </div>
  </div>
</DocumentFragment>
`;
