// Jest Snapshot v1, https://goo.gl/fbAQLP

exports[`matches snapshot 1`] = `
<DocumentFragment>
  <div
    class="EditableTodo"
  >
    <div
      class="mb-3"
    >
      <div
        class="float-right text-sm-right"
      >
        <div
          class="Todo"
        >
          <div>
            <b>
              Code!
            </b>
             
            <small>
              (priority: 2)
            </small>
          </div>
          <div>
            <small>
              Write some code
            </small>
          </div>
        </div>
        <button
          class="EditableTodo-toggle btn-link btn btn-sm"
        >
          Edit
        </button>
        <button
          class="EditableTodo-delBtn btn-link btn btn-sm text-danger"
        >
          Del
        </button>
      </div>
    </div>
  </div>
</DocumentFragment>
`;
