// Jest Snapshot v1, https://goo.gl/fbAQLP

exports[`matches snapshot 1`] = `
<DocumentFragment>
  <main
    class="TodoApp"
  >
    <div
      class="row"
    >
      <div
        class="col-md-6"
      >
        <div
          class="row"
        >
          <h3>
            Todos
          </h3>
          <div>
            <div>
              <div
                class="EditableTodo"
              >
                <div
                  class="mb-3"
                >
                  <div
                    class="float-right text-sm-right"
                  >
                    <div
                      class="Todo"
                    >
                      <div>
                        <b>
                          Code!
                        </b>
                         
                        <small>
                          (priority: 2)
                        </small>
                      </div>
                      <div>
                        <small>
                          Write some code
                        </small>
                      </div>
                    </div>
                    <button
                      class="EditableTodo-toggle btn-link btn btn-sm"
                    >
                      Edit
                    </button>
                    <button
                      class="EditableTodo-delBtn btn-link btn btn-sm text-danger"
                    >
                      Del
                    </button>
                  </div>
                </div>
              </div>
            </div>
            <div>
              <div
                class="EditableTodo"
              >
                <div
                  class="mb-3"
                >
                  <div
                    class="float-right text-sm-right"
                  >
                    <div
                      class="Todo"
                    >
                      <div>
                        <b>
                          Make dinner
                        </b>
                         
                        <small>
                          (priority: 1)
                        </small>
                      </div>
                      <div>
                        <small>
                          Cook something healthy
                        </small>
                      </div>
                    </div>
                    <button
                      class="EditableTodo-toggle btn-link btn btn-sm"
                    >
                      Edit
                    </button>
                    <button
                      class="EditableTodo-delBtn btn-link btn btn-sm text-danger"
                    >
                      Del
                    </button>
                  </div>
                </div>
              </div>
            </div>
            <div>
              <div
                class="EditableTodo"
              >
                <div
                  class="mb-3"
                >
                  <div
                    class="float-right text-sm-right"
                  >
                    <div
                      class="Todo"
                    >
                      <div>
                        <b>
                          Go to bed
                        </b>
                         
                        <small>
                          (priority: 3)
                        </small>
                      </div>
                      <div>
                        <small>
                          In bed by 11:15
                        </small>
                      </div>
                    </div>
                    <button
                      class="EditableTodo-toggle btn-link btn btn-sm"
                    >
                      Edit
                    </button>
                    <button
                      class="EditableTodo-delBtn btn-link btn btn-sm text-danger"
                    >
                      Del
                    </button>
                  </div>
                </div>
              </div>
            </div>
          </div>
        </div>
      </div>
      <div
        class="col-md-6"
      >
        <section
          class="row mb-4"
        >
          <h3>
            Top Todo
          </h3>
          <div
            class="Todo"
          >
            <div>
              <b>
                Make dinner
              </b>
               
              <small>
                (priority: 1)
              </small>
            </div>
            <div>
              <small>
                Cook something healthy
              </small>
            </div>
          </div>
        </section>
        <section
          class="row mb-4"
        >
          <h3
            class="mb-3"
          >
            Add Nü
          </h3>
          <form
            class="NewTodoForm"
          >
            <div
              class="form-group"
            >
              <input
                aria-label="Title"
                class="form-control mb-3"
                id="newTodo-title"
                name="title"
                placeholder="Title"
                value=""
              />
            </div>
            <div
              class="form-group"
            >
              <textarea
                aria-label="Description"
                class="form-control mb-3"
                id="newTodo-description"
                name="description"
                placeholder="Description"
              />
            </div>
            <div
              class="form-group d-flex justify-content-between"
            >
              <div
                class="w-75 d-flex justify-content-between"
              >
                <label
                  class="d-inline-flex"
                  for="newTodo-priority"
                >
                  Priority:  
                </label>
                <select
                  class="form-control form-control-sm d-inline-flex"
                  id="newTodo-priority"
                  name="priority"
                >
                  <option
                    value="1"
                  >
                    Ultra-Über
                  </option>
                  <option
                    value="2"
                  >
                    Über
                  </option>
                  <option
                    value="3"
                  >
                    Meh
                  </option>
                </select>
              </div>
              <button
                class="btn-primary rig btn btn-sm NewTodoForm-addBtn"
              >
                Gø!
              </button>
            </div>
          </form>
        </section>
      </div>
    </div>
  </main>
</DocumentFragment>
`;
